// Jest Snapshot v1, https://goo.gl/fbAQLP

exports[`<CreateManualStageModal /> should render correctly 1`] = `
<Modal
  hardwareAccelerated={false}
  statusBarTranslucent={false}
  transparent={true}
  visible={true}
>
  <View
    style={
      {
        "bottom": 0,
        "left": 0,
        "position": "absolute",
        "right": 0,
        "top": 0,
      }
    }
  >
    <View
      accessibilityState={
        {
          "busy": undefined,
          "checked": undefined,
          "disabled": undefined,
          "expanded": undefined,
          "selected": undefined,
        }
      }
      accessibilityValue={
        {
          "max": undefined,
          "min": undefined,
          "now": undefined,
          "text": undefined,
        }
      }
      accessible={true}
      collapsable={false}
      focusable={false}
      onClick={[Function]}
      onResponderGrant={[Function]}
      onResponderMove={[Function]}
      onResponderRelease={[Function]}
      onResponderTerminate={[Function]}
      onResponderTerminationRequest={[Function]}
      onStartShouldSetResponder={[Function]}
      style={
        {
          "backgroundColor": "rgba(0,0,0,0.5)",
          "bottom": 0,
          "left": 0,
          "opacity": 1,
          "position": "absolute",
          "right": 0,
          "top": 0,
          "width": "100%",
        }
      }
      testID="@backdrop"
    />
    <View
      backdropStyle={
        {
          "backgroundColor": "rgba(0,0,0,0.5)",
          "width": "100%",
        }
      }
      onLayout={[Function]}
      shouldUseContainer={true}
      style={
        [
          undefined,
          {
            "position": "absolute",
          },
          {
            "left": -999,
            "top": -999,
          },
        ]
      }
      visible={true}
    >
      <View
        accessibilityState={
          {
            "busy": undefined,
            "checked": undefined,
            "disabled": true,
            "expanded": undefined,
            "selected": undefined,
          }
        }
        accessibilityValue={
          {
            "max": undefined,
            "min": undefined,
            "now": undefined,
            "text": undefined,
          }
        }
        accessible={true}
        collapsable={false}
        focusable={false}
        onClick={[Function]}
        onResponderGrant={[Function]}
        onResponderMove={[Function]}
        onResponderRelease={[Function]}
        onResponderTerminate={[Function]}
        onResponderTerminationRequest={[Function]}
        onStartShouldSetResponder={[Function]}
        style={
          {
            "backgroundColor": "#373737",
            "borderColor": "#FFFFFF",
            "borderRadius": 4,
            "borderWidth": 1,
            "opacity": 1,
            "overflow": "hidden",
            "padding": 0,
            "width": 360,
          }
        }
      >
        <View
          style={
            {
              "backgroundColor": undefined,
              "height": 0,
            }
          }
        />
        <View
          style={
            [
              {
                "flexShrink": 1,
              },
              {
                "paddingHorizontal": 24,
                "paddingVertical": 16,
              },
            ]
          }
        >
          <View
            accessibilityState={
              {
                "busy": undefined,
                "checked": undefined,
                "disabled": undefined,
                "expanded": undefined,
                "selected": undefined,
              }
            }
            accessibilityValue={
              {
                "max": undefined,
                "min": undefined,
                "now": undefined,
                "text": undefined,
              }
            }
            accessible={true}
            collapsable={false}
            focusable={false}
            onClick={[Function]}
            onResponderGrant={[Function]}
            onResponderMove={[Function]}
            onResponderRelease={[Function]}
            onResponderTerminate={[Function]}
            onResponderTerminationRequest={[Function]}
            onStartShouldSetResponder={[Function]}
            style={
              {
                "marginBottom": 5,
                "opacity": 1,
              }
            }
            testID="@undefined/container"
          >
            <View
              style={
                [
                  {
                    "backgroundColor": "#282828",
                    "borderColor": "#FFFFFF",
                    "borderRadius": 4,
                    "borderWidth": 1,
                    "minHeight": 40,
                    "paddingHorizontal": 8,
                    "paddingVertical": 7,
                  },
                  {
                    "alignItems": "center",
                    "flexDirection": "row",
                    "width": "100%",
                  },
                ]
              }
            >
              <TextInput
                appearance="default"
                editable={true}
                onBlur={[Function]}
                onChangeText={[Function]}
                onFocus={[Function]}
                onMouseEnter={[Function]}
                onMouseLeave={[Function]}
                placeholder="Tourname"
                placeholderTextColor="#282828"
                size="medium"
                status="basic"
                style={
                  [
                    {
                      "color": "#FFFFFF",
                      "fontFamily": "System",
                      "fontSize": 15,
                      "fontWeight": "normal",
                      "marginHorizontal": 8,
                    },
                    {
                      "flexBasis": "auto",
                      "flexGrow": 1,
                      "flexShrink": 1,
                    },
                    null,
                    undefined,
                  ]
                }
                testID="@undefined/input"
                value=""
              />
            </View>
          </View>
          <View
            accessibilityState={
              {
                "busy": undefined,
                "checked": undefined,
                "disabled": undefined,
                "expanded": undefined,
                "selected": undefined,
              }
            }
            accessibilityValue={
              {
                "max": undefined,
                "min": undefined,
                "now": undefined,
                "text": undefined,
              }
            }
            accessible={true}
            collapsable={false}
            focusable={false}
            onClick={[Function]}
            onResponderGrant={[Function]}
            onResponderMove={[Function]}
            onResponderRelease={[Function]}
            onResponderTerminate={[Function]}
            onResponderTerminationRequest={[Function]}
            onStartShouldSetResponder={[Function]}
            style={
              {
                "marginBottom": 5,
                "opacity": 1,
              }
            }
            testID="@undefined/container"
          >
            <View
              style={
                [
                  {
                    "backgroundColor": "#282828",
                    "borderColor": "#FFFFFF",
                    "borderRadius": 4,
                    "borderWidth": 1,
                    "minHeight": 40,
                    "paddingHorizontal": 8,
                    "paddingVertical": 7,
                  },
                  {
                    "alignItems": "center",
                    "flexDirection": "row",
                    "width": "100%",
                  },
                ]
              }
            >
              <TextInput
                appearance="default"
                editable={true}
                onBlur={[Function]}
                onChangeText={[Function]}
                onFocus={[Function]}
                onMouseEnter={[Function]}
                onMouseLeave={[Function]}
                placeholder="Startkoordinaten"
                placeholderTextColor="#282828"
                size="medium"
                status="basic"
                style={
                  [
                    {
                      "color": "#FFFFFF",
                      "fontFamily": "System",
                      "fontSize": 15,
                      "fontWeight": "normal",
                      "marginHorizontal": 8,
                    },
                    {
                      "flexBasis": "auto",
                      "flexGrow": 1,
                      "flexShrink": 1,
                    },
                    null,
                    undefined,
                  ]
                }
                testID="@undefined/input"
                value=""
              />
            </View>
          </View>
          <View
            accessibilityState={
              {
                "busy": undefined,
                "checked": undefined,
                "disabled": undefined,
                "expanded": undefined,
                "selected": undefined,
              }
            }
            accessibilityValue={
              {
                "max": undefined,
                "min": undefined,
                "now": undefined,
                "text": undefined,
              }
            }
            accessible={true}
            collapsable={false}
            focusable={false}
            onClick={[Function]}
            onResponderGrant={[Function]}
            onResponderMove={[Function]}
            onResponderRelease={[Function]}
            onResponderTerminate={[Function]}
            onResponderTerminationRequest={[Function]}
            onStartShouldSetResponder={[Function]}
            style={
              {
                "marginBottom": 5,
                "opacity": 1,
              }
            }
            testID="@undefined/container"
          >
            <View
              style={
                [
                  {
                    "backgroundColor": "#282828",
                    "borderColor": "#FFFFFF",
                    "borderRadius": 4,
                    "borderWidth": 1,
                    "minHeight": 40,
                    "paddingHorizontal": 8,
                    "paddingVertical": 7,
                  },
                  {
                    "alignItems": "center",
                    "flexDirection": "row",
                    "width": "100%",
                  },
                ]
              }
            >
              <TextInput
                appearance="default"
                editable={true}
                onBlur={[Function]}
                onChangeText={[Function]}
                onFocus={[Function]}
                onMouseEnter={[Function]}
                onMouseLeave={[Function]}
                placeholder="Endkoordinaten"
                placeholderTextColor="#282828"
                size="medium"
                status="basic"
                style={
                  [
                    {
                      "color": "#FFFFFF",
                      "fontFamily": "System",
                      "fontSize": 15,
                      "fontWeight": "normal",
                      "marginHorizontal": 8,
                    },
                    {
                      "flexBasis": "auto",
                      "flexGrow": 1,
                      "flexShrink": 1,
                    },
                    null,
                    undefined,
                  ]
                }
                testID="@undefined/input"
                value=""
              />
            </View>
          </View>
          <View
            accessibilityState={
              {
                "busy": undefined,
                "checked": undefined,
                "disabled": undefined,
                "expanded": undefined,
                "selected": undefined,
              }
            }
            accessibilityValue={
              {
                "max": undefined,
                "min": undefined,
                "now": undefined,
                "text": undefined,
              }
            }
            accessible={true}
            collapsable={false}
            focusable={true}
            onClick={[Function]}
            onResponderGrant={[Function]}
            onResponderMove={[Function]}
            onResponderRelease={[Function]}
            onResponderTerminate={[Function]}
            onResponderTerminationRequest={[Function]}
            onStartShouldSetResponder={[Function]}
            style={
              {
                "alignItems": "center",
                "backgroundColor": "#FF6E14",
                "borderColor": "#FF6E14",
                "borderRadius": 4,
                "borderWidth": 1,
                "flexDirection": "row",
                "justifyContent": "center",
                "minHeight": 40,
                "minWidth": 40,
                "opacity": 1,
                "paddingHorizontal": 10,
                "paddingVertical": 12,
              }
            }
          >
            <Text
              appearance="default"
              category="p1"
              status="basic"
              style={
                [
                  {
                    "color": "#FFFFFF",
                    "fontFamily": "System",
                    "fontSize": 15,
                    "fontWeight": "400",
                  },
                  {
                    "color": "#000000",
                    "fontFamily": "System",
                    "fontSize": 14,
                    "fontWeight": "bold",
                    "marginHorizontal": 10,
                  },
                ]
              }
            >
              Speichern
            </Text>
          </View>
          <View
            accessibilityState={
              {
                "busy": undefined,
                "checked": undefined,
                "disabled": undefined,
                "expanded": undefined,
                "selected": undefined,
              }
            }
            accessibilityValue={
              {
                "max": undefined,
                "min": undefined,
                "now": undefined,
                "text": undefined,
              }
            }
            accessible={true}
            collapsable={false}
            focusable={true}
            onClick={[Function]}
            onResponderGrant={[Function]}
            onResponderMove={[Function]}
            onResponderRelease={[Function]}
            onResponderTerminate={[Function]}
            onResponderTerminationRequest={[Function]}
            onStartShouldSetResponder={[Function]}
            style={
              {
                "alignItems": "center",
                "backgroundColor": "#171717",
                "borderColor": "#171717",
                "borderRadius": 4,
                "borderWidth": 1,
                "flexDirection": "row",
                "justifyContent": "center",
                "marginBottom": 5,
                "minHeight": 40,
                "minWidth": 40,
                "opacity": 1,
                "paddingHorizontal": 10,
                "paddingVertical": 12,
              }
            }
          >
            <Text
              appearance="default"
              category="p1"
              status="basic"
              style={
                [
                  {
                    "color": "#FFFFFF",
                    "fontFamily": "System",
                    "fontSize": 15,
                    "fontWeight": "400",
                  },
                  {
                    "color": "#7e7e7e",
                    "fontFamily": "System",
                    "fontSize": 14,
                    "fontWeight": "bold",
                    "marginHorizontal": 10,
                  },
                ]
              }
            >
              Abbrechen
            </Text>
          </View>
        </View>
      </View>
    </View>
  </View>
</Modal>
`;
