// Jest Snapshot v1, https://goo.gl/fbAQLP

exports[`StageMapView Component matches snapshot 1`] = `
<div>
  <div>
    Mocked Camera
  </div>
</div>
`;
