// Jest Snapshot v1, https://goo.gl/fbAQLP

exports[`Touruebersicht should render correctly 1`] = `null`;
