// Jest Snapshot v1, https://goo.gl/fbAQLP

exports[`DateTimeButton Component matches the snapshot 1`] = `
<View
  accessibilityState={
    {
      "busy": undefined,
      "checked": undefined,
      "disabled": undefined,
      "expanded": undefined,
      "selected": undefined,
    }
  }
  accessibilityValue={
    {
      "max": undefined,
      "min": undefined,
      "now": undefined,
      "text": undefined,
    }
  }
  accessible={true}
  collapsable={false}
  focusable={true}
  onClick={[Function]}
  onResponderGrant={[Function]}
  onResponderMove={[Function]}
  onResponderRelease={[Function]}
  onResponderTerminate={[Function]}
  onResponderTerminationRequest={[Function]}
  onStartShouldSetResponder={[Function]}
  style={
    {
      "alignItems": "center",
      "backgroundColor": "transparent",
      "borderColor": "#FF6E14",
      "borderRadius": 4,
      "borderWidth": 1,
      "flex": 1,
      "flexDirection": "row",
      "justifyContent": "center",
      "marginHorizontal": 8,
      "marginVertical": 3,
      "minHeight": 40,
      "minWidth": 40,
      "opacity": 1,
      "paddingHorizontal": 10,
      "paddingVertical": 12,
    }
  }
>
  <Text
    appearance="default"
    category="p1"
    status="basic"
    style={
      [
        {
          "color": "#000000",
          "fontFamily": "System",
          "fontSize": 15,
          "fontWeight": "400",
        },
        {
          "color": "#FF6E14",
          "fontFamily": "System",
          "fontSize": 14,
          "fontWeight": "bold",
          "marginHorizontal": 10,
        },
      ]
    }
  >
    01.01.2024
  </Text>
  <RNSVGSvgView
    align="xMidYMid"
    bbHeight={20}
    bbWidth={20}
    focusable={false}
    height={20}
    meetOrSlice={0}
    minX={0}
    minY={0}
    style={
      [
        {
          "backgroundColor": "transparent",
          "borderWidth": 0,
        },
        {
          "height": 20,
          "marginHorizontal": 10,
          "tintColor": "#FF6E14",
          "width": 20,
        },
        {
          "flex": 0,
          "height": 20,
          "width": 20,
        },
      ]
    }
    vbHeight={512}
    vbWidth={448}
    width={20}
  >
    <RNSVGGroup
      fill={
        {
          "payload": 4278190080,
          "type": 0,
        }
      }
    >
      <RNSVGPath
        d="M96 32l0 32L48 64C21.5 64 0 85.5 0 112l0 48 448 0 0-48c0-26.5-21.5-48-48-48l-48 0 0-32c0-17.7-14.3-32-32-32s-32 14.3-32 32l0 32L160 64l0-32c0-17.7-14.3-32-32-32S96 14.3 96 32zM448 192L0 192 0 464c0 26.5 21.5 48 48 48l352 0c26.5 0 48-21.5 48-48l0-272z"
        fill={
          {
            "payload": 4294929940,
            "type": 0,
          }
        }
        propList={
          [
            "fill",
          ]
        }
      />
    </RNSVGGroup>
  </RNSVGSvgView>
</View>
`;
