// Jest Snapshot v1, https://goo.gl/fbAQLP

exports[`SmallRoundButton renders correctly 1`] = `
<View
  accessibilityState={
    {
      "busy": undefined,
      "checked": undefined,
      "disabled": undefined,
      "expanded": undefined,
      "selected": undefined,
    }
  }
  accessibilityValue={
    {
      "max": undefined,
      "min": undefined,
      "now": undefined,
      "text": undefined,
    }
  }
  accessible={true}
  collapsable={false}
  focusable={false}
  onClick={[Function]}
  onResponderGrant={[Function]}
  onResponderMove={[Function]}
  onResponderRelease={[Function]}
  onResponderTerminate={[Function]}
  onResponderTerminationRequest={[Function]}
  onStartShouldSetResponder={[Function]}
  style={
    {
      "alignItems": "center",
      "backgroundColor": "#FF6E14",
      "borderColor": "#FF6E14",
      "borderRadius": 25,
      "borderWidth": 1,
      "elevation": 3,
      "flexDirection": "row",
      "height": 44,
      "justifyContent": "center",
      "minHeight": 40,
      "minWidth": 40,
      "opacity": 1,
      "paddingHorizontal": 10,
      "paddingVertical": 12,
      "width": 44,
    }
  }
/>
`;
