// Jest Snapshot v1, https://goo.gl/fbAQLP

exports[`CreateManualStage Component matches snapshot 1`] = `
<View
  appearance="default"
  level="2"
  style={
    [
      {
        "backgroundColor": "#eaeaea",
      },
      {
        "alignItems": "stretch",
        "flex": 1,
        "paddingVertical": 5,
      },
    ]
  }
>
  <View
    onSelect={[Function]}
    selectedIndex={0}
    style={
      [
        {
          "alignItems": "center",
          "flex": 1,
          "flexDirection": "row",
          "justifyContent": "center",
          "marginHorizontal": 5,
        },
        undefined,
      ]
    }
  >
    <View
      accessibilityState={
        {
          "busy": undefined,
          "checked": undefined,
          "disabled": undefined,
          "expanded": undefined,
          "selected": undefined,
        }
      }
      accessibilityValue={
        {
          "max": undefined,
          "min": undefined,
          "now": undefined,
          "text": undefined,
        }
      }
      accessible={true}
      collapsable={false}
      focusable={true}
      onClick={[Function]}
      onResponderGrant={[Function]}
      onResponderMove={[Function]}
      onResponderRelease={[Function]}
      onResponderTerminate={[Function]}
      onResponderTerminationRequest={[Function]}
      onStartShouldSetResponder={[Function]}
      style={
        {
          "alignItems": "center",
          "alignSelf": "center",
          "backgroundColor": "#FF6E14",
          "borderColor": "#FF6E14",
          "borderRadius": 4,
          "borderWidth": 1,
          "flex": 1,
          "flexDirection": "row",
          "justifyContent": "center",
          "margin": 5,
          "minHeight": 40,
          "minWidth": 40,
          "opacity": 1,
          "paddingHorizontal": 10,
          "paddingVertical": 12,
        }
      }
      testID="map-pin"
    >
      <RNSVGSvgView
        align="xMidYMid"
        bbHeight={25}
        bbWidth={25}
        focusable={false}
        height={25}
        meetOrSlice={0}
        minX={0}
        minY={0}
        style={
          [
            {
              "backgroundColor": "transparent",
              "borderWidth": 0,
            },
            {
              "fontFamily": "System",
              "fontSize": 14,
              "fontWeight": "bold",
              "marginHorizontal": 10,
            },
            {
              "flex": 0,
              "height": 25,
              "width": 25,
            },
          ]
        }
        vbHeight={512}
        vbWidth={320}
        width={25}
      >
        <RNSVGGroup
          fill={
            {
              "payload": 4278190080,
              "type": 0,
            }
          }
          font={
            {
              "fontFamily": "System",
              "fontSize": 14,
              "fontWeight": "bold",
            }
          }
        >
          <RNSVGPath
            d="M16 144a144 144 0 1 1 288 0A144 144 0 1 1 16 144zM160 80c8.8 0 16-7.2 16-16s-7.2-16-16-16c-53 0-96 43-96 96c0 8.8 7.2 16 16 16s16-7.2 16-16c0-35.3 28.7-64 64-64zM128 480l0-162.9c10.4 1.9 21.1 2.9 32 2.9s21.6-1 32-2.9L192 480c0 17.7-14.3 32-32 32s-32-14.3-32-32z"
            fill={
              {
                "payload": 4294967295,
                "type": 0,
              }
            }
            propList={
              [
                "fill",
              ]
            }
          />
        </RNSVGGroup>
      </RNSVGSvgView>
    </View>
    <View
      accessibilityState={
        {
          "busy": undefined,
          "checked": undefined,
          "disabled": undefined,
          "expanded": undefined,
          "selected": undefined,
        }
      }
      accessibilityValue={
        {
          "max": undefined,
          "min": undefined,
          "now": undefined,
          "text": undefined,
        }
      }
      accessible={true}
      collapsable={false}
      focusable={true}
      onClick={[Function]}
      onResponderGrant={[Function]}
      onResponderMove={[Function]}
      onResponderRelease={[Function]}
      onResponderTerminate={[Function]}
      onResponderTerminationRequest={[Function]}
      onStartShouldSetResponder={[Function]}
      style={
        {
          "alignItems": "center",
          "alignSelf": "center",
          "backgroundColor": "#b8b8b8",
          "borderColor": "#b8b8b8",
          "borderRadius": 4,
          "borderWidth": 1,
          "flex": 1,
          "flexDirection": "row",
          "justifyContent": "center",
          "margin": 5,
          "minHeight": 40,
          "minWidth": 40,
          "opacity": 1,
          "paddingHorizontal": 10,
          "paddingVertical": 12,
        }
      }
      testID="compass"
    >
      <RNSVGSvgView
        align="xMidYMid"
        bbHeight={25}
        bbWidth={25}
        focusable={false}
        height={25}
        meetOrSlice={0}
        minX={0}
        minY={0}
        style={
          [
            {
              "backgroundColor": "transparent",
              "borderWidth": 0,
            },
            {
              "fontFamily": "System",
              "fontSize": 14,
              "fontWeight": "bold",
              "marginHorizontal": 10,
            },
            {
              "flex": 0,
              "height": 25,
              "width": 25,
            },
          ]
        }
        vbHeight={512}
        vbWidth={512}
        width={25}
      >
        <RNSVGGroup
          fill={
            {
              "payload": 4278190080,
              "type": 0,
            }
          }
          font={
            {
              "fontFamily": "System",
              "fontSize": 14,
              "fontWeight": "bold",
            }
          }
        >
          <RNSVGPath
            d="M256 512A256 256 0 1 0 256 0a256 256 0 1 0 0 512zm50.7-186.9L162.4 380.6c-19.4 7.5-38.5-11.6-31-31l55.5-144.3c3.3-8.5 9.9-15.1 18.4-18.4l144.3-55.5c19.4-7.5 38.5 11.6 31 31L325.1 306.7c-3.2 8.5-9.9 15.1-18.4 18.4zM288 256a32 32 0 1 0 -64 0 32 32 0 1 0 64 0z"
            fill={
              {
                "payload": 4280295456,
                "type": 0,
              }
            }
            propList={
              [
                "fill",
              ]
            }
          />
        </RNSVGGroup>
      </RNSVGSvgView>
    </View>
  </View>
  <View
    appearance="default"
    level="2"
    style={
      [
        {
          "backgroundColor": "#eaeaea",
        },
        {
          "flex": 7,
          "flexDirection": "column",
        },
      ]
    }
  >
    <View>
      <View
        appearance="default"
        onSelect={[Function]}
        style={
          [
            {
              "backgroundColor": "#FFFFFF",
              "paddingVertical": 4,
            },
            {
              "flexDirection": "row",
            },
            {
              "height": 50,
            },
          ]
        }
      >
        <View
          accessibilityState={
            {
              "busy": undefined,
              "checked": undefined,
              "disabled": undefined,
              "expanded": undefined,
              "selected": undefined,
            }
          }
          accessibilityValue={
            {
              "max": undefined,
              "min": undefined,
              "now": undefined,
              "text": undefined,
            }
          }
          accessible={true}
          collapsable={false}
          focusable={true}
          onClick={[Function]}
          onResponderGrant={[Function]}
          onResponderMove={[Function]}
          onResponderRelease={[Function]}
          onResponderTerminate={[Function]}
          onResponderTerminationRequest={[Function]}
          onStartShouldSetResponder={[Function]}
          style={
            {
              "alignItems": "center",
              "flex": 1,
              "justifyContent": "center",
              "opacity": 1,
            }
          }
        >
          <Text
            appearance="default"
            category="p1"
            status="basic"
            style={
              [
                {
                  "color": "#000000",
                  "fontFamily": "System",
                  "fontSize": 15,
                  "fontWeight": "400",
                },
                {
                  "color": "#FF6E14",
                  "fontFamily": "System",
                  "fontSize": 14,
                  "fontWeight": "bold",
                  "marginVertical": 2,
                },
              ]
            }
          >
            Start
          </Text>
        </View>
        <View
          accessibilityState={
            {
              "busy": undefined,
              "checked": undefined,
              "disabled": undefined,
              "expanded": undefined,
              "selected": undefined,
            }
          }
          accessibilityValue={
            {
              "max": undefined,
              "min": undefined,
              "now": undefined,
              "text": undefined,
            }
          }
          accessible={true}
          collapsable={false}
          focusable={true}
          onClick={[Function]}
          onResponderGrant={[Function]}
          onResponderMove={[Function]}
          onResponderRelease={[Function]}
          onResponderTerminate={[Function]}
          onResponderTerminationRequest={[Function]}
          onStartShouldSetResponder={[Function]}
          style={
            {
              "alignItems": "center",
              "flex": 1,
              "justifyContent": "center",
              "opacity": 1,
            }
          }
        >
          <Text
            appearance="default"
            category="p1"
            status="basic"
            style={
              [
                {
                  "color": "#000000",
                  "fontFamily": "System",
                  "fontSize": 15,
                  "fontWeight": "400",
                },
                {
                  "color": "#494949",
                  "fontFamily": "System",
                  "fontSize": 14,
                  "fontWeight": "bold",
                  "marginVertical": 2,
                },
              ]
            }
          >
            Ende
          </Text>
        </View>
      </View>
      <View
        collapsable={false}
        onLayout={[Function]}
        positions={2}
        selectedPosition={0}
        style={
          {
            "transform": [
              {
                "translateX": 0,
              },
            ],
            "width": "50%",
          }
        }
      >
        <View
          style={
            [
              {
                "alignSelf": "center",
                "width": "100%",
              },
              {
                "backgroundColor": "#FF6E14",
                "borderRadius": 2,
                "height": 4,
              },
            ]
          }
          testID="indicator body"
        />
      </View>
    </View>
  </View>
  <View
    appearance="default"
    level="2"
    style={
      [
        {
          "backgroundColor": "#eaeaea",
        },
        {
          "alignItems": "center",
          "flex": 1,
          "flexDirection": "row",
          "justifyContent": "center",
          "marginHorizontal": 5,
        },
      ]
    }
  >
    <View
      accessibilityState={
        {
          "busy": undefined,
          "checked": undefined,
          "disabled": undefined,
          "expanded": undefined,
          "selected": undefined,
        }
      }
      accessibilityValue={
        {
          "max": undefined,
          "min": undefined,
          "now": undefined,
          "text": undefined,
        }
      }
      accessible={true}
      collapsable={false}
      focusable={true}
      onClick={[Function]}
      onResponderGrant={[Function]}
      onResponderMove={[Function]}
      onResponderRelease={[Function]}
      onResponderTerminate={[Function]}
      onResponderTerminationRequest={[Function]}
      onStartShouldSetResponder={[Function]}
      style={
        {
          "alignItems": "center",
          "alignSelf": "center",
          "backgroundColor": "#b8b8b8",
          "borderColor": "#b8b8b8",
          "borderRadius": 4,
          "borderWidth": 1,
          "flex": 1,
          "flexDirection": "row",
          "justifyContent": "center",
          "margin": 5,
          "minHeight": 40,
          "minWidth": 40,
          "opacity": 1,
          "paddingHorizontal": 10,
          "paddingVertical": 12,
        }
      }
    >
      <Text
        appearance="default"
        category="h1"
        status="basic"
        style={
          [
            {
              "color": "#000000",
              "fontFamily": "System",
              "fontSize": 36,
              "fontWeight": "800",
            },
            {
              "color": "#202020",
              "fontFamily": "System",
              "fontSize": 14,
              "fontWeight": "bold",
              "marginHorizontal": 10,
            },
          ]
        }
      >
        ABBRECHEN
      </Text>
    </View>
    <View
      accessibilityState={
        {
          "busy": undefined,
          "checked": undefined,
          "disabled": undefined,
          "expanded": undefined,
          "selected": undefined,
        }
      }
      accessibilityValue={
        {
          "max": undefined,
          "min": undefined,
          "now": undefined,
          "text": undefined,
        }
      }
      accessible={true}
      collapsable={false}
      focusable={true}
      onClick={[Function]}
      onResponderGrant={[Function]}
      onResponderMove={[Function]}
      onResponderRelease={[Function]}
      onResponderTerminate={[Function]}
      onResponderTerminationRequest={[Function]}
      onStartShouldSetResponder={[Function]}
      style={
        {
          "alignItems": "center",
          "alignSelf": "center",
          "backgroundColor": "#FF6E14",
          "borderColor": "#FF6E14",
          "borderRadius": 4,
          "borderWidth": 1,
          "flex": 1,
          "flexDirection": "row",
          "justifyContent": "center",
          "margin": 5,
          "minHeight": 40,
          "minWidth": 40,
          "opacity": 1,
          "paddingHorizontal": 10,
          "paddingVertical": 12,
        }
      }
    >
      <Text
        appearance="default"
        category="h1"
        status="basic"
        style={
          [
            {
              "color": "#000000",
              "fontFamily": "System",
              "fontSize": 36,
              "fontWeight": "800",
            },
            {
              "color": "#FFFFFF",
              "fontFamily": "System",
              "fontSize": 14,
              "fontWeight": "bold",
              "marginHorizontal": 10,
            },
          ]
        }
      >
        ERSTELLEN
      </Text>
    </View>
  </View>
</View>
`;
