// Jest Snapshot v1, https://goo.gl/fbAQLP

exports[`DateTimeModal Component matches the snapshot 1`] = `
<Modal
  animationType="fade"
  hardwareAccelerated={false}
  onDismiss={[MockFunction]}
  onRequestClose={[MockFunction]}
  statusBarTranslucent={true}
  transparent={true}
  visible={true}
>
  <View
    style={
      {
        "bottom": 0,
        "left": 0,
        "position": "absolute",
        "right": 0,
        "top": 0,
      }
    }
  >
    <View
      accessibilityState={
        {
          "busy": undefined,
          "checked": undefined,
          "disabled": undefined,
          "expanded": undefined,
          "selected": undefined,
        }
      }
      accessibilityValue={
        {
          "max": undefined,
          "min": undefined,
          "now": undefined,
          "text": undefined,
        }
      }
      accessible={true}
      collapsable={false}
      focusable={true}
      onClick={[Function]}
      onResponderGrant={[Function]}
      onResponderMove={[Function]}
      onResponderRelease={[Function]}
      onResponderTerminate={[Function]}
      onResponderTerminationRequest={[Function]}
      onStartShouldSetResponder={[Function]}
      style={
        {
          "backgroundColor": "rgba(0, 0, 0, 0.5)",
          "bottom": 0,
          "left": 0,
          "opacity": 1,
          "position": "absolute",
          "right": 0,
          "top": 0,
        }
      }
      testID="@backdrop"
    />
    <View
      animationType="fade"
      backdropStyle={
        {
          "backgroundColor": "rgba(0, 0, 0, 0.5)",
        }
      }
      onBackdropPress={[MockFunction]}
      onLayout={[Function]}
      shouldUseContainer={true}
      style={
        [
          {
            "width": "90%",
          },
          {
            "position": "absolute",
          },
          {
            "left": -999,
            "top": -999,
          },
        ]
      }
      visible={true}
    >
      <View
        accessibilityState={
          {
            "busy": undefined,
            "checked": undefined,
            "disabled": true,
            "expanded": undefined,
            "selected": undefined,
          }
        }
        accessibilityValue={
          {
            "max": undefined,
            "min": undefined,
            "now": undefined,
            "text": undefined,
          }
        }
        accessible={true}
        collapsable={false}
        focusable={false}
        onClick={[Function]}
        onResponderGrant={[Function]}
        onResponderMove={[Function]}
        onResponderRelease={[Function]}
        onResponderTerminate={[Function]}
        onResponderTerminationRequest={[Function]}
        onStartShouldSetResponder={[Function]}
        style={
          {
            "backgroundColor": "#FFFFFF",
            "borderColor": "#7e7e7e",
            "borderRadius": 8,
            "borderWidth": 0,
            "elevation": 3,
            "opacity": 1,
            "overflow": "hidden",
            "shadowColor": "#000",
            "shadowOffset": {
              "height": 2,
              "width": 0,
            },
            "shadowOpacity": 0.25,
            "shadowRadius": 2,
          }
        }
      >
        <View
          style={
            {
              "backgroundColor": undefined,
              "height": 0,
            }
          }
        />
        <View
          style={
            [
              {
                "flexShrink": 1,
              },
              {
                "paddingHorizontal": 24,
                "paddingVertical": 16,
              },
            ]
          }
        >
          <Text
            appearance="default"
            category="h5"
            status="basic"
            style={
              [
                {
                  "color": "#000000",
                  "fontFamily": "System",
                  "fontSize": 22,
                  "fontWeight": "800",
                },
                {
                  "textAlign": "center",
                },
              ]
            }
          >
            Startzeit
          </Text>
          <View
            appearance="default"
            level="1"
            style={
              [
                {
                  "backgroundColor": "#FFFFFF",
                },
                {
                  "alignItems": "center",
                  "flexDirection": "row",
                  "justifyContent": "space-between",
                  "marginBottom": 5,
                },
              ]
            }
          >
            <View
              accessibilityState={
                {
                  "busy": undefined,
                  "checked": undefined,
                  "disabled": undefined,
                  "expanded": undefined,
                  "selected": undefined,
                }
              }
              accessibilityValue={
                {
                  "max": undefined,
                  "min": undefined,
                  "now": undefined,
                  "text": undefined,
                }
              }
              accessible={true}
              collapsable={false}
              focusable={true}
              onClick={[Function]}
              onResponderGrant={[Function]}
              onResponderMove={[Function]}
              onResponderRelease={[Function]}
              onResponderTerminate={[Function]}
              onResponderTerminationRequest={[Function]}
              onStartShouldSetResponder={[Function]}
              style={
                {
                  "alignItems": "center",
                  "backgroundColor": "transparent",
                  "borderColor": "#FF6E14",
                  "borderRadius": 4,
                  "borderWidth": 1,
                  "flex": 1,
                  "flexDirection": "row",
                  "justifyContent": "center",
                  "marginHorizontal": 8,
                  "marginVertical": 3,
                  "minHeight": 40,
                  "minWidth": 40,
                  "opacity": 1,
                  "paddingHorizontal": 10,
                  "paddingVertical": 12,
                }
              }
            >
              <Text
                appearance="default"
                category="p1"
                status="basic"
                style={
                  [
                    {
                      "color": "#000000",
                      "fontFamily": "System",
                      "fontSize": 15,
                      "fontWeight": "400",
                    },
                    {
                      "color": "#FF6E14",
                      "fontFamily": "System",
                      "fontSize": 14,
                      "fontWeight": "bold",
                      "marginHorizontal": 10,
                    },
                  ]
                }
              >
                01.01.2024
              </Text>
              <RNSVGSvgView
                align="xMidYMid"
                bbHeight={20}
                bbWidth={20}
                focusable={false}
                height={20}
                meetOrSlice={0}
                minX={0}
                minY={0}
                style={
                  [
                    {
                      "backgroundColor": "transparent",
                      "borderWidth": 0,
                    },
                    {
                      "height": 20,
                      "marginHorizontal": 10,
                      "tintColor": "#FF6E14",
                      "width": 20,
                    },
                    {
                      "flex": 0,
                      "height": 20,
                      "width": 20,
                    },
                  ]
                }
                vbHeight={512}
                vbWidth={448}
                width={20}
              >
                <RNSVGGroup
                  fill={
                    {
                      "payload": 4278190080,
                      "type": 0,
                    }
                  }
                >
                  <RNSVGPath
                    d="M96 32l0 32L48 64C21.5 64 0 85.5 0 112l0 48 448 0 0-48c0-26.5-21.5-48-48-48l-48 0 0-32c0-17.7-14.3-32-32-32s-32 14.3-32 32l0 32L160 64l0-32c0-17.7-14.3-32-32-32S96 14.3 96 32zM448 192L0 192 0 464c0 26.5 21.5 48 48 48l352 0c26.5 0 48-21.5 48-48l0-272z"
                    fill={
                      {
                        "payload": 4294929940,
                        "type": 0,
                      }
                    }
                    propList={
                      [
                        "fill",
                      ]
                    }
                  />
                </RNSVGGroup>
              </RNSVGSvgView>
            </View>
            <View
              accessibilityState={
                {
                  "busy": undefined,
                  "checked": undefined,
                  "disabled": undefined,
                  "expanded": undefined,
                  "selected": undefined,
                }
              }
              accessibilityValue={
                {
                  "max": undefined,
                  "min": undefined,
                  "now": undefined,
                  "text": undefined,
                }
              }
              accessible={true}
              collapsable={false}
              focusable={true}
              onClick={[Function]}
              onResponderGrant={[Function]}
              onResponderMove={[Function]}
              onResponderRelease={[Function]}
              onResponderTerminate={[Function]}
              onResponderTerminationRequest={[Function]}
              onStartShouldSetResponder={[Function]}
              style={
                {
                  "alignItems": "center",
                  "backgroundColor": "transparent",
                  "borderColor": "#FF6E14",
                  "borderRadius": 4,
                  "borderWidth": 1,
                  "flex": 1,
                  "flexDirection": "row",
                  "justifyContent": "center",
                  "marginHorizontal": 8,
                  "marginVertical": 3,
                  "minHeight": 40,
                  "minWidth": 40,
                  "opacity": 1,
                  "paddingHorizontal": 10,
                  "paddingVertical": 12,
                }
              }
            >
              <Text
                appearance="default"
                category="p1"
                status="basic"
                style={
                  [
                    {
                      "color": "#000000",
                      "fontFamily": "System",
                      "fontSize": 15,
                      "fontWeight": "400",
                    },
                    {
                      "color": "#FF6E14",
                      "fontFamily": "System",
                      "fontSize": 14,
                      "fontWeight": "bold",
                      "marginHorizontal": 10,
                    },
                  ]
                }
              >
                12:00
              </Text>
              <RNSVGSvgView
                align="xMidYMid"
                bbHeight={20}
                bbWidth={20}
                focusable={false}
                height={20}
                meetOrSlice={0}
                minX={0}
                minY={0}
                style={
                  [
                    {
                      "backgroundColor": "transparent",
                      "borderWidth": 0,
                    },
                    {
                      "height": 20,
                      "marginHorizontal": 10,
                      "tintColor": "#FF6E14",
                      "width": 20,
                    },
                    {
                      "flex": 0,
                      "height": 20,
                      "width": 20,
                    },
                  ]
                }
                vbHeight={512}
                vbWidth={512}
                width={20}
              >
                <RNSVGGroup
                  fill={
                    {
                      "payload": 4278190080,
                      "type": 0,
                    }
                  }
                >
                  <RNSVGPath
                    d="M256 0a256 256 0 1 1 0 512A256 256 0 1 1 256 0zM232 120l0 136c0 8 4 15.5 10.7 20l96 64c11 7.4 25.9 4.4 33.3-6.7s4.4-25.9-6.7-33.3L280 243.2 280 120c0-13.3-10.7-24-24-24s-24 10.7-24 24z"
                    fill={
                      {
                        "payload": 4294929940,
                        "type": 0,
                      }
                    }
                    propList={
                      [
                        "fill",
                      ]
                    }
                  />
                </RNSVGGroup>
              </RNSVGSvgView>
            </View>
          </View>
          <Text
            appearance="default"
            category="h5"
            status="basic"
            style={
              [
                {
                  "color": "#000000",
                  "fontFamily": "System",
                  "fontSize": 22,
                  "fontWeight": "800",
                },
                {
                  "textAlign": "center",
                },
              ]
            }
          >
            Endzeit
          </Text>
          <View
            appearance="default"
            level="1"
            style={
              [
                {
                  "backgroundColor": "#FFFFFF",
                },
                {
                  "alignItems": "center",
                  "flexDirection": "row",
                  "justifyContent": "space-between",
                  "marginBottom": 5,
                },
              ]
            }
          >
            <View
              accessibilityState={
                {
                  "busy": undefined,
                  "checked": undefined,
                  "disabled": undefined,
                  "expanded": undefined,
                  "selected": undefined,
                }
              }
              accessibilityValue={
                {
                  "max": undefined,
                  "min": undefined,
                  "now": undefined,
                  "text": undefined,
                }
              }
              accessible={true}
              collapsable={false}
              focusable={true}
              onClick={[Function]}
              onResponderGrant={[Function]}
              onResponderMove={[Function]}
              onResponderRelease={[Function]}
              onResponderTerminate={[Function]}
              onResponderTerminationRequest={[Function]}
              onStartShouldSetResponder={[Function]}
              style={
                {
                  "alignItems": "center",
                  "backgroundColor": "transparent",
                  "borderColor": "#FF6E14",
                  "borderRadius": 4,
                  "borderWidth": 1,
                  "flex": 1,
                  "flexDirection": "row",
                  "justifyContent": "center",
                  "marginHorizontal": 8,
                  "marginVertical": 3,
                  "minHeight": 40,
                  "minWidth": 40,
                  "opacity": 1,
                  "paddingHorizontal": 10,
                  "paddingVertical": 12,
                }
              }
            >
              <Text
                appearance="default"
                category="p1"
                status="basic"
                style={
                  [
                    {
                      "color": "#000000",
                      "fontFamily": "System",
                      "fontSize": 15,
                      "fontWeight": "400",
                    },
                    {
                      "color": "#FF6E14",
                      "fontFamily": "System",
                      "fontSize": 14,
                      "fontWeight": "bold",
                      "marginHorizontal": 10,
                    },
                  ]
                }
              >
                02.01.2024
              </Text>
              <RNSVGSvgView
                align="xMidYMid"
                bbHeight={20}
                bbWidth={20}
                focusable={false}
                height={20}
                meetOrSlice={0}
                minX={0}
                minY={0}
                style={
                  [
                    {
                      "backgroundColor": "transparent",
                      "borderWidth": 0,
                    },
                    {
                      "height": 20,
                      "marginHorizontal": 10,
                      "tintColor": "#FF6E14",
                      "width": 20,
                    },
                    {
                      "flex": 0,
                      "height": 20,
                      "width": 20,
                    },
                  ]
                }
                vbHeight={512}
                vbWidth={448}
                width={20}
              >
                <RNSVGGroup
                  fill={
                    {
                      "payload": 4278190080,
                      "type": 0,
                    }
                  }
                >
                  <RNSVGPath
                    d="M96 32l0 32L48 64C21.5 64 0 85.5 0 112l0 48 448 0 0-48c0-26.5-21.5-48-48-48l-48 0 0-32c0-17.7-14.3-32-32-32s-32 14.3-32 32l0 32L160 64l0-32c0-17.7-14.3-32-32-32S96 14.3 96 32zM448 192L0 192 0 464c0 26.5 21.5 48 48 48l352 0c26.5 0 48-21.5 48-48l0-272z"
                    fill={
                      {
                        "payload": 4294929940,
                        "type": 0,
                      }
                    }
                    propList={
                      [
                        "fill",
                      ]
                    }
                  />
                </RNSVGGroup>
              </RNSVGSvgView>
            </View>
            <View
              accessibilityState={
                {
                  "busy": undefined,
                  "checked": undefined,
                  "disabled": undefined,
                  "expanded": undefined,
                  "selected": undefined,
                }
              }
              accessibilityValue={
                {
                  "max": undefined,
                  "min": undefined,
                  "now": undefined,
                  "text": undefined,
                }
              }
              accessible={true}
              collapsable={false}
              focusable={true}
              onClick={[Function]}
              onResponderGrant={[Function]}
              onResponderMove={[Function]}
              onResponderRelease={[Function]}
              onResponderTerminate={[Function]}
              onResponderTerminationRequest={[Function]}
              onStartShouldSetResponder={[Function]}
              style={
                {
                  "alignItems": "center",
                  "backgroundColor": "transparent",
                  "borderColor": "#FF6E14",
                  "borderRadius": 4,
                  "borderWidth": 1,
                  "flex": 1,
                  "flexDirection": "row",
                  "justifyContent": "center",
                  "marginHorizontal": 8,
                  "marginVertical": 3,
                  "minHeight": 40,
                  "minWidth": 40,
                  "opacity": 1,
                  "paddingHorizontal": 10,
                  "paddingVertical": 12,
                }
              }
            >
              <Text
                appearance="default"
                category="p1"
                status="basic"
                style={
                  [
                    {
                      "color": "#000000",
                      "fontFamily": "System",
                      "fontSize": 15,
                      "fontWeight": "400",
                    },
                    {
                      "color": "#FF6E14",
                      "fontFamily": "System",
                      "fontSize": 14,
                      "fontWeight": "bold",
                      "marginHorizontal": 10,
                    },
                  ]
                }
              >
                13:00
              </Text>
              <RNSVGSvgView
                align="xMidYMid"
                bbHeight={20}
                bbWidth={20}
                focusable={false}
                height={20}
                meetOrSlice={0}
                minX={0}
                minY={0}
                style={
                  [
                    {
                      "backgroundColor": "transparent",
                      "borderWidth": 0,
                    },
                    {
                      "height": 20,
                      "marginHorizontal": 10,
                      "tintColor": "#FF6E14",
                      "width": 20,
                    },
                    {
                      "flex": 0,
                      "height": 20,
                      "width": 20,
                    },
                  ]
                }
                vbHeight={512}
                vbWidth={512}
                width={20}
              >
                <RNSVGGroup
                  fill={
                    {
                      "payload": 4278190080,
                      "type": 0,
                    }
                  }
                >
                  <RNSVGPath
                    d="M256 0a256 256 0 1 1 0 512A256 256 0 1 1 256 0zM232 120l0 136c0 8 4 15.5 10.7 20l96 64c11 7.4 25.9 4.4 33.3-6.7s4.4-25.9-6.7-33.3L280 243.2 280 120c0-13.3-10.7-24-24-24s-24 10.7-24 24z"
                    fill={
                      {
                        "payload": 4294929940,
                        "type": 0,
                      }
                    }
                    propList={
                      [
                        "fill",
                      ]
                    }
                  />
                </RNSVGGroup>
              </RNSVGSvgView>
            </View>
          </View>
          <View
            appearance="default"
            level="1"
            style={
              [
                {
                  "backgroundColor": "#FFFFFF",
                },
                {
                  "alignItems": "center",
                  "flexDirection": "row",
                  "justifyContent": "space-between",
                  "marginBottom": 5,
                },
              ]
            }
          >
            <View
              accessibilityState={
                {
                  "busy": undefined,
                  "checked": undefined,
                  "disabled": undefined,
                  "expanded": undefined,
                  "selected": undefined,
                }
              }
              accessibilityValue={
                {
                  "max": undefined,
                  "min": undefined,
                  "now": undefined,
                  "text": undefined,
                }
              }
              accessible={true}
              collapsable={false}
              focusable={true}
              onClick={[Function]}
              onResponderGrant={[Function]}
              onResponderMove={[Function]}
              onResponderRelease={[Function]}
              onResponderTerminate={[Function]}
              onResponderTerminationRequest={[Function]}
              onStartShouldSetResponder={[Function]}
              style={
                {
                  "alignItems": "center",
                  "backgroundColor": "#FF6E14",
                  "borderColor": "#FF6E14",
                  "borderRadius": 4,
                  "borderWidth": 1,
                  "flex": 1,
                  "flexDirection": "row",
                  "justifyContent": "center",
                  "marginHorizontal": 4,
                  "marginTop": 5,
                  "minHeight": 40,
                  "minWidth": 40,
                  "opacity": 1,
                  "paddingHorizontal": 10,
                  "paddingVertical": 12,
                }
              }
            >
              <Text
                appearance="default"
                category="p1"
                status="basic"
                style={
                  [
                    {
                      "color": "#000000",
                      "fontFamily": "System",
                      "fontSize": 15,
                      "fontWeight": "400",
                    },
                    {
                      "color": "#FFFFFF",
                      "fontFamily": "System",
                      "fontSize": 14,
                      "fontWeight": "bold",
                      "marginHorizontal": 10,
                    },
                  ]
                }
              >
                Abbrechen
              </Text>
            </View>
            <View
              accessibilityState={
                {
                  "busy": undefined,
                  "checked": undefined,
                  "disabled": undefined,
                  "expanded": undefined,
                  "selected": undefined,
                }
              }
              accessibilityValue={
                {
                  "max": undefined,
                  "min": undefined,
                  "now": undefined,
                  "text": undefined,
                }
              }
              accessible={true}
              collapsable={false}
              focusable={true}
              onClick={[Function]}
              onResponderGrant={[Function]}
              onResponderMove={[Function]}
              onResponderRelease={[Function]}
              onResponderTerminate={[Function]}
              onResponderTerminationRequest={[Function]}
              onStartShouldSetResponder={[Function]}
              style={
                {
                  "alignItems": "center",
                  "backgroundColor": "#FF6E14",
                  "borderColor": "#FF6E14",
                  "borderRadius": 4,
                  "borderWidth": 1,
                  "flex": 1,
                  "flexDirection": "row",
                  "justifyContent": "center",
                  "marginHorizontal": 4,
                  "marginTop": 5,
                  "minHeight": 40,
                  "minWidth": 40,
                  "opacity": 1,
                  "paddingHorizontal": 10,
                  "paddingVertical": 12,
                }
              }
            >
              <Text
                appearance="default"
                category="p1"
                status="basic"
                style={
                  [
                    {
                      "color": "#000000",
                      "fontFamily": "System",
                      "fontSize": 15,
                      "fontWeight": "400",
                    },
                    {
                      "color": "#FFFFFF",
                      "fontFamily": "System",
                      "fontSize": 14,
                      "fontWeight": "bold",
                      "marginHorizontal": 10,
                    },
                  ]
                }
              >
                Speichern
              </Text>
            </View>
          </View>
        </View>
      </View>
    </View>
  </View>
</Modal>
`;
